[1;38;2;211;175;55m  _____   _____   ____    _____[0m                                                                                         
[1;38;2;211;175;55m |_   _| | ____| / ___|  |_   _|[0m                                                                                        
[1;38;2;211;175;55m   | |   |  _|   \___ \    | |[0m                                                                                          
[1;38;2;211;175;55m   | |   | |___   ___) |   | |[0m                                                                                          
[1;38;2;211;175;55m   |_|   |_____| |____/    |_|[0m                                                                                          