[1;38;2;211;175;55m     _      ____     ____   _   ____    _____[0m                                   
[1;38;2;211;175;55m    / \    | __ )   / ___| / | |___ \  |___ /[0m                                   
[1;38;2;211;175;55m   / _ \   |  _ \  | |     | |   __) |   |_ \[0m                                   
[1;38;2;211;175;55m  / ___ \  | |_) | | |___  | |  / __/   ___) |[0m                                  
[1;38;2;211;175;55m /_/   \_\ |____/   \____| |_| |_____| |____/[0m                                   