[1;38;2;211;175;55m __        __   ___    ____    _       ____[0m                                     
[1;38;2;211;175;55m \ \      / /  / _ \  |  _ \  | |     |  _ \[0m                                    
[1;38;2;211;175;55m  \ \ /\ / /  | | | | | |_) | | |     | | | |[0m                                   
[1;38;2;211;175;55m   \ V  V /   | |_| | |  _ <  | |___  | |_| |[0m                                   
[1;38;2;211;175;55m    \_/\_/     \___/  |_| \_\ |_____| |____/[0m                                    