[1;38;2;211;175;55m  ____     ___    _  __  _____[0m                                                  
[1;38;2;211;175;55m |  _ \   / _ \  | |/ / | ____|[0m                                                 
[1;38;2;211;175;55m | |_) | | | | | | ' /  |  _|[0m                                                   
[1;38;2;211;175;55m |  __/  | |_| | | . \  | |___[0m                                                  
[1;38;2;211;175;55m |_|      \___/  |_|\_\ |_____|[0m                                                 